INFO     [ğŸ”§TEST CONFIG]:conftest.py:89 Loading test configuration
INFO     [ğŸ”§TEST CONFIG]:conftest.py:398 Navigating to: https://console.dev.apolo.us/
WARNING  [ğŸ”§TEST CONFIG]:conftest.py:406 Page load took too long â€” continuing anyway.
INFO     [ğŸ”§TEST CONFIG]:conftest.py:95 Creating data manager
INFO     [ğŸ”§TEST CONFIG]:conftest.py:125 Creating users manager
INFO     [ğŸ”§TEST CONFIG]:conftest.py:111 Creating API helper
INFO     [ğŸ”§TEST CONFIG]:conftest.py:119 Creating Apolo CLI instance
INFO     [ğŸ”§TEST CONFIG]:conftest.py:207 Continue using UserData(email='regression-rbblhkr756@apolo.us', username='regression-rbblhkr756', password='4S1aCrvceh6J') as main test user...
INFO     [ğŸ‘¤UsersManager]:users_manager.py:73 Setting main user to UserData(email='regression-rbblhkr756@apolo.us', username='regression-rbblhkr756', password='4S1aCrvceh6J')
INFO     [ğŸ”§TEST CONFIG]:conftest.py:237 Continue using UserData(email='regression-n1r7wq83u1@apolo.us', username='regression-n1r7wq83u1', password='k0ki%NJ@A&rg') as second test user...
INFO     [ğŸ‘¤UsersManager]:users_manager.py:82 Setting second user to UserData(email='regression-n1r7wq83u1@apolo.us', username='regression-n1r7wq83u1', password='k0ki%NJ@A&rg')
INFO     [ğŸ”§TEST CONFIG]:conftest.py:242 Continue using UserData(email='regression-y5u64avath@apolo.us', username='regression-y5u64avath', password='VMsBwR5k2#ie') as third test user...
INFO     [ğŸ‘¤UsersManager]:users_manager.py:91 Setting third user to UserData(email='regression-y5u64avath@apolo.us', username='regression-y5u64avath', password='VMsBwR5k2#ie')
INFO     [ğŸ“˜TEST_INFO]:reporting.py:86 ------------------------------------------------------------
INFO     [ğŸ“˜TEST_INFO]:reporting.py:87 ğŸ“ TEST started: Verify Admin can remove another Admin from organization
INFO     [ğŸ“˜TEST_INFO]:reporting.py:88 ------------------------------------------------------------
INFO     [ğŸ“˜TEST_INFO]:reporting.py:37 â–¶ï¸ STEP started: Login via UI
INFO     [ğŸ“˜TEST_INFO]:reporting.py:37 â–¶ï¸ STEP started: Verify that Auth page displayed
INFO     [ğŸ­ Playwright]:base_page.py:16 <AuthPage>: Check if page loaded
ERROR    asyncio:base_events.py:1879 Task exception was never retrieved
future: <Task finished name='Task-15760' coro=<TestUIOrganizationRemoveMembers.test_admin_remove_user_from_org() done, defined at /home/runner/work/apolo-test-automation/apolo-test-automation/tests/reporting_hooks/reporting.py:138> exception=AssertionError('[AssertionError] during step: Login via UI\nMessage: [AssertionError] during step: Verify that Auth page displayed\nMessage: Auth page should be displayed!')>
Traceback (most recent call last):
  File "/home/runner/work/apolo-test-automation/apolo-test-automation/tests/reporting_hooks/reporting.py", line 49, in wrapper
    result = await func(*args, **kwargs)
             ^^^^^^^^^^^^^^^^^^^^^^^^^^^
  File "/home/runner/work/apolo-test-automation/apolo-test-automation/tests/test_cases/steps/ui_steps/page_steps_impl/auth_page_steps.py", line 18, in verify_ui_page_displayed
    assert await self._pm.auth_page.is_loaded(), "Auth page should be displayed!"
           ^^^^^^^^^^^^^^^^^^^^^^^^^^^^^^^^^^^^
AssertionError: Auth page should be displayed!

The above exception was the direct cause of the following exception:

Traceback (most recent call last):
  File "/home/runner/work/apolo-test-automation/apolo-test-automation/tests/reporting_hooks/reporting.py", line 49, in wrapper
    result = await func(*args, **kwargs)
             ^^^^^^^^^^^^^^^^^^^^^^^^^^^
  File "/home/runner/work/apolo-test-automation/apolo-test-automation/tests/test_cases/steps/ui_steps/ui_steps.py", line 71, in ui_login
    await self.auth_page.verify_ui_page_displayed()
  File "/home/runner/work/apolo-test-automation/apolo-test-automation/tests/reporting_hooks/reporting.py", line 58, in wrapper
    raise AssertionError(formatted_msg) from e
AssertionError: [AssertionError] during step: Verify that Auth page displayed
Message: Auth page should be displayed!

The above exception was the direct cause of the following exception:

Traceback (most recent call last):
  File "/home/runner/work/apolo-test-automation/apolo-test-automation/tests/reporting_hooks/reporting.py", line 146, in wrapped
    result = await method(self, *args, **kwargs)
             ^^^^^^^^^^^^^^^^^^^^^^^^^^^^^^^^^^^
  File "/home/runner/work/apolo-test-automation/apolo-test-automation/tests/reporting_hooks/reporting.py", line 91, in wrapper
    result = await func(*args, **kwargs)
             ^^^^^^^^^^^^^^^^^^^^^^^^^^^
  File "/home/runner/work/apolo-test-automation/apolo-test-automation/tests/test_cases/tests_ui/test_organization_remove_members.py", line 33, in test_admin_remove_user_from_org
    await steps.ui_login(user)
  File "/home/runner/work/apolo-test-automation/apolo-test-automation/tests/reporting_hooks/reporting.py", line 58, in wrapper
    raise AssertionError(formatted_msg) from e
AssertionError: [AssertionError] during step: Login via UI
Message: [AssertionError] during step: Verify that Auth page displayed
Message: Auth page should be displayed!
ERROR    asyncio:base_events.py:1879 Task exception was never retrieved
future: <Task finished name='Task-16067' coro=<TestUIOrganizationRemoveMembers.test_admin_remove_manager_from_org() done, defined at /home/runner/work/apolo-test-automation/apolo-test-automation/tests/reporting_hooks/reporting.py:138> exception=AssertionError('[AssertionError] during step: Add user to organization via API and reload page\nMessage: [AssertionError] during step: Reload page\nMessage: [Error] during step: Reload page\nMessage: Page.reload: net::ERR_ABORTED; maybe frame was detached?\nCall log:\n  - waiting for navigation until "domcontentloaded"\n')>
Traceback (most recent call last):
  File "/home/runner/work/apolo-test-automation/apolo-test-automation/tests/reporting_hooks/reporting.py", line 49, in wrapper
    result = await func(*args, **kwargs)
             ^^^^^^^^^^^^^^^^^^^^^^^^^^^
  File "/home/runner/work/apolo-test-automation/apolo-test-automation/tests/test_cases/steps/ui_steps/page_steps_impl/main_page_steps.py", line 21, in ui_reload_page
    await self._pm.main_page.reload()
  File "/home/runner/work/apolo-test-automation/apolo-test-automation/tests/components/ui/pages/base_page.py", line 36, in reload
    await self.page.reload(timeout=60000, wait_until="domcontentloaded")
  File "/home/runner/work/apolo-test-automation/apolo-test-automation/.venv/lib/python3.13/site-packages/playwright/async_api/_generated.py", line 9033, in reload
    await self._impl_obj.reload(timeout=timeout, waitUntil=wait_until)
  File "/home/runner/work/apolo-test-automation/apolo-test-automation/.venv/lib/python3.13/site-packages/playwright/_impl/_page.py", line 564, in reload
    await self._channel.send(
    ...<3 lines>...
    )
  File "/home/runner/work/apolo-test-automation/apolo-test-automation/.venv/lib/python3.13/site-packages/playwright/_impl/_connection.py", line 69, in send
    return await self._connection.wrap_api_call(
           ^^^^^^^^^^^^^^^^^^^^^^^^^^^^^^^^^^^^^
    ...<3 lines>...
    )
    ^
  File "/home/runner/work/apolo-test-automation/apolo-test-automation/.venv/lib/python3.13/site-packages/playwright/_impl/_connection.py", line 558, in wrap_api_call
    raise rewrite_error(error, f"{parsed_st['apiName']}: {error}") from None
playwright._impl._errors.Error: Page.reload: net::ERR_ABORTED; maybe frame was detached?
Call log:
  - waiting for navigation until "domcontentloaded"


The above exception was the direct cause of the following exception:

Traceback (most recent call last):
  File "/home/runner/work/apolo-test-automation/apolo-test-automation/tests/reporting_hooks/reporting.py", line 49, in wrapper
    result = await func(*args, **kwargs)
             ^^^^^^^^^^^^^^^^^^^^^^^^^^^
  File "/home/runner/work/apolo-test-automation/apolo-test-automation/tests/test_cases/steps/ui_steps/ui_steps.py", line 31, in ui_reload_page
    await self.main_page.ui_reload_page()
  File "/home/runner/work/apolo-test-automation/apolo-test-automation/tests/reporting_hooks/reporting.py", line 58, in wrapper
    raise AssertionError(formatted_msg) from e
AssertionError: [Error] during step: Reload page
Message: Page.reload: net::ERR_ABORTED; maybe frame was detached?
Call log:
  - waiting for navigation until "domcontentloaded"


The above exception was the direct cause of the following exception:

Traceback (most recent call last):
  File "/home/runner/work/apolo-test-automation/apolo-test-automation/tests/reporting_hooks/reporting.py", line 49, in wrapper
    result = await func(*args, **kwargs)
             ^^^^^^^^^^^^^^^^^^^^^^^^^^^
  File "/home/runner/work/apolo-test-automation/apolo-test-automation/tests/test_cases/steps/ui_steps/ui_steps.py", line 357, in ui_add_user_to_org_api
    await self.ui_reload_page()
  File "/home/runner/work/apolo-test-automation/apolo-test-automation/tests/reporting_hooks/reporting.py", line 58, in wrapper
    raise AssertionError(formatted_msg) from e
AssertionError: [AssertionError] during step: Reload page
Message: [Error] during step: Reload page
Message: Page.reload: net::ERR_ABORTED; maybe frame was detached?
Call log:
  - waiting for navigation until "domcontentloaded"


The above exception was the direct cause of the following exception:

Traceback (most recent call last):
  File "/home/runner/work/apolo-test-automation/apolo-test-automation/tests/reporting_hooks/reporting.py", line 146, in wrapped
    result = await method(self, *args, **kwargs)
             ^^^^^^^^^^^^^^^^^^^^^^^^^^^^^^^^^^^
  File "/home/runner/work/apolo-test-automation/apolo-test-automation/tests/reporting_hooks/reporting.py", line 91, in wrapper
    result = await func(*args, **kwargs)
             ^^^^^^^^^^^^^^^^^^^^^^^^^^^
  File "/home/runner/work/apolo-test-automation/apolo-test-automation/tests/test_cases/tests_ui/test_organization_remove_members.py", line 109, in test_admin_remove_manager_from_org
    await steps.ui_add_user_to_org_api(
    ...<4 lines>...
    )
  File "/home/runner/work/apolo-test-automation/apolo-test-automation/tests/reporting_hooks/reporting.py", line 58, in wrapper
    raise AssertionError(formatted_msg) from e
AssertionError: [AssertionError] during step: Add user to organization via API and reload page
Message: [AssertionError] during step: Reload page
Message: [Error] during step: Reload page
Message: Page.reload: net::ERR_ABORTED; maybe frame was detached?
Call log:
  - waiting for navigation until "domcontentloaded"

WARNING  [ğŸ”§TEST CONFIG]:conftest.py:446 [HTTP 200] GET https://api.dev.apolo.us/api/v1/config
Request Body (first 2000 chars):
<not available>
Response Body (first 2000 chars):
{"authorized": false, "auth_url": "https://auth.dev.apolo.us/authorize", "token_url": "https://auth.dev.apolo.us/oauth/token", "logout_url": "https://auth.dev.apolo.us/v2/logout?returnTo=https://console.dev.apolo.us", "client_id": "q3I0OzzGnTDkhRmpeJ7WWgaTCucmVxTL", "audience": "https://api.dev.apolo.us", "callback_urls": ["http://127.0.0.1:54540", "http://127.0.0.1:54541", "http://127.0.0.1:54542"], "headless_callback_url": "https://api.dev.apolo.us/oauth/show-code", "success_redirect_url": "https://api.dev.apolo.us/oauth/login"}
INFO     [ğŸ“˜TEST_INFO]:reporting.py:51 âœ… STEP completed: Verify that Auth page displayed
INFO     [ğŸ“˜TEST_INFO]:reporting.py:225 ğŸ“¸ Screenshot captured and attached (success): /home/runner/work/apolo-test-automation/apolo-test-automation/reports/screenshots/verify_ui_page_displayed_success_54dbc4.png
INFO     [ğŸ“˜TEST_INFO]:reporting.py:37 â–¶ï¸ STEP started: Click login button
INFO     [ğŸ­ Playwright]:base_page.py:16 <AuthPage>: Click log in button
INFO     [ğŸ“˜TEST_INFO]:reporting.py:51 âœ… STEP completed: Click login button
INFO     [ğŸ“˜TEST_INFO]:reporting.py:225 ğŸ“¸ Screenshot captured and attached (success): /home/runner/work/apolo-test-automation/apolo-test-automation/reports/screenshots/ui_click_login_button_success_c0d24e.png
INFO     [ğŸ“˜TEST_INFO]:reporting.py:37 â–¶ï¸ STEP started: Verify that Login page displayed
INFO     [ğŸ­ Playwright]:base_page.py:16 <LoginPage>: Check if page is loaded
INFO     [ğŸ“˜TEST_INFO]:reporting.py:51 âœ… STEP completed: Verify that Login page displayed
INFO     [ğŸ“˜TEST_INFO]:reporting.py:225 ğŸ“¸ Screenshot captured and attached (success): /home/runner/work/apolo-test-automation/apolo-test-automation/reports/screenshots/verify_ui_page_displayed_success_531256.png
INFO     [ğŸ“˜TEST_INFO]:reporting.py:37 â–¶ï¸ STEP started: Enter email
INFO     [ğŸ­ Playwright]:base_page.py:16 <LoginPage>: Enter regression-rbblhkr756@apolo.us email
INFO     [ğŸ“˜TEST_INFO]:reporting.py:51 âœ… STEP completed: Enter email
INFO     [ğŸ“˜TEST_INFO]:reporting.py:225 ğŸ“¸ Screenshot captured and attached (success): /home/runner/work/apolo-test-automation/apolo-test-automation/reports/screenshots/ui_enter_email_success_4a9f63.png
INFO     [ğŸ“˜TEST_INFO]:reporting.py:37 â–¶ï¸ STEP started: Enter password
INFO     [ğŸ­ Playwright]:base_page.py:16 <LoginPage>: Enter ********* password
INFO     [ğŸ“˜TEST_INFO]:reporting.py:51 âœ… STEP completed: Enter password
INFO     [ğŸ“˜TEST_INFO]:reporting.py:225 ğŸ“¸ Screenshot captured and attached (success): /home/runner/work/apolo-test-automation/apolo-test-automation/reports/screenshots/ui_enter_password_success_326484.png
INFO     [ğŸ“˜TEST_INFO]:reporting.py:37 â–¶ï¸ STEP started: Click Continue button
INFO     [ğŸ­ Playwright]:base_page.py:16 <LoginPage>: Click continue button
WARNING  [ğŸ”§TEST CONFIG]:conftest.py:446 [HTTP 200] GET https://api.dev.apolo.us/api/v1/config
Request Body (first 2000 chars):
<not available>
Response Body (first 2000 chars):
{"authorized": true, "orgs": [], "clusters": [], "projects": [], "admin_url": "https://api.dev.apolo.us/apis/admin/v1", "auth_url": "https://auth.dev.apolo.us/authorize", "token_url": "https://auth.dev.apolo.us/oauth/token", "logout_url": "https://auth.dev.apolo.us/v2/logout?returnTo=https://console.dev.apolo.us", "client_id": "q3I0OzzGnTDkhRmpeJ7WWgaTCucmVxTL", "audience": "https://api.dev.apolo.us", "callback_urls": ["http://127.0.0.1:54540", "http://127.0.0.1:54541", "http://127.0.0.1:54542"], "headless_callback_url": "https://api.dev.apolo.us/oauth/show-code", "success_redirect_url": "https://api.dev.apolo.us/oauth/login"}
WARNING  [ğŸ”§TEST CONFIG]:conftest.py:446 [HTTP 200] GET https://api.dev.apolo.us/api/v1/users/regression-rbblhkr756/permissions?uri=blob:
Request Body (first 2000 chars):
<not available>
Response Body (first 2000 chars):
[]
WARNING  [ğŸ”§TEST CONFIG]:conftest.py:446 [HTTP 200] GET https://api.dev.apolo.us/apis/admin/v1/users/regression-rbblhkr756?include=orgs
Request Body (first 2000 chars):
<not available>
Response Body (first 2000 chars):
{"name": "regression-rbblhkr756", "email": "regression-rbblhkr756@apolo.us", "first_name": null, "last_name": null, "created_at": "2025-10-23T11:16:28.022360+00:00", "terms_accepted": true, "orgs": []}
INFO     [ğŸ­ Playwright]:base_page.py:16 <LoginPage>: Waiting for spinner
INFO     [ğŸ­ Playwright]:base_page.py:16 <LoginPage>: Waiting for spinner to disappear
WARNING  [ğŸ”§TEST CONFIG]:conftest.py:446 [HTTP 200] GET https://api.dev.apolo.us/apis/admin/v1/invites/incoming
Request Body (first 2000 chars):
<not available>
Response Body (first 2000 chars):
[]
WARNING  [ğŸ”§TEST CONFIG]:conftest.py:446 [HTTP 200] GET https://api.dev.apolo.us/apis/admin/v1/users/regression-rbblhkr756?include=clusters&include=system_role
Request Body (first 2000 chars):
<not available>
Response Body (first 2000 chars):
{"name": "regression-rbblhkr756", "email": "regression-rbblhkr756@apolo.us", "first_name": null, "last_name": null, "created_at": "2025-10-23T11:16:28.022360+00:00", "terms_accepted": true, "clusters": []}
INFO     [ğŸ“˜TEST_INFO]:reporting.py:51 âœ… STEP completed: Click Continue button
INFO     [ğŸ“˜TEST_INFO]:reporting.py:225 ğŸ“¸ Screenshot captured and attached (success): /home/runner/work/apolo-test-automation/apolo-test-automation/reports/screenshots/ui_click_continue_button_success_e96378.png
INFO     [ğŸ“˜TEST_INFO]:reporting.py:37 â–¶ï¸ STEP started: Verify that Welcome new user page displayed
INFO     [ğŸ­ Playwright]:base_page.py:16 <WelcomeNewUserPage>: Check if page loaded
INFO     [ğŸ“˜TEST_INFO]:reporting.py:51 âœ… STEP completed: Verify that Welcome new user page displayed
INFO     [ğŸ“˜TEST_INFO]:reporting.py:225 ğŸ“¸ Screenshot captured and attached (success): /home/runner/work/apolo-test-automation/apolo-test-automation/reports/screenshots/verify_ui_page_displayed_success_56cdd8.png
INFO     [ğŸ“˜TEST_INFO]:reporting.py:51 âœ… STEP completed: Login via UI
INFO     [ğŸ“˜TEST_INFO]:reporting.py:225 ğŸ“¸ Screenshot captured and attached (success): /home/runner/work/apolo-test-automation/apolo-test-automation/reports/screenshots/ui_login_success_7783de.png
INFO     [ğŸ”§TEST CONFIG]:conftest.py:398 Navigating to: https://console.dev.apolo.us/
WARNING  [ğŸ”§TEST CONFIG]:conftest.py:406 Page load took too long â€” continuing anyway.
INFO     [ğŸ“˜TEST_INFO]:reporting.py:37 â–¶ï¸ STEP started: <<User2>> :: Get second user
INFO     [ğŸ“˜TEST_INFO]:reporting.py:51 âœ… STEP completed: <<User2>> :: Get second user
WARNING  [ğŸ“˜TEST_INFO]:reporting.py:229 âš ï¸ Could not capture screenshot (success): Page.screenshot: Timeout 30000ms exceeded.
Call log:
  - taking page screenshot

INFO     [ğŸ“˜TEST_INFO]:reporting.py:37 â–¶ï¸ STEP started: <<User2>> :: Login via UI
INFO     [ğŸ“˜TEST_INFO]:reporting.py:37 â–¶ï¸ STEP started: <<User2>> :: Verify that Auth page displayed
INFO     [ğŸ­ Playwright]:base_page.py:16 <AuthPage>: Check if page loaded
INFO     [ğŸŒAPI_helper]:api_helper.py:54 GET https://api.dev.apolo.us/apis/admin/v1/orgs
INFO     [ğŸŒAPI_helper]:api_helper.py:175 Status: 200. Response: []
INFO     [ğŸ”§TEST CONFIG]:conftest.py:293 Cleaning up 0 organisations
INFO     [ğŸ”§TEST CONFIG]:conftest.py:334 Closing all browser sessions
INFO     [ğŸ”§TEST CONFIG]:conftest.py:349 Closed context
INFO     [ğŸ”§TEST CONFIG]:conftest.py:356 Closed browser
INFO     [ğŸ”§TEST CONFIG]:conftest.py:362 Stopped Playwright
ERROR    [ğŸ“˜TEST_INFO]:reporting.py:56 âŒ STEP failed: <<User2>> :: Verify that Auth page displayed
INFO     [ğŸ”§TEST CONFIG]:conftest.py:349 Closed context
WARNING  [ğŸ“˜TEST_INFO]:reporting.py:229 âš ï¸ Could not capture screenshot (fail): Page.screenshot: Target page, context or browser has been closed
ERROR    [ğŸ“˜TEST_INFO]:reporting.py:56 âŒ STEP failed: <<User2>> :: Login via UI
WARNING  [ğŸ“˜TEST_INFO]:reporting.py:229 âš ï¸ Could not capture screenshot (fail): Page.screenshot: Target page, context or browser has been closed
ERROR    [ğŸ“˜TEST_INFO]:reporting.py:95 âŒ TEST failed: Verify Admin can remove another Admin from organization
Exception: [AssertionError] during step: <<User2>> :: Login via UI
Message: [TargetClosedError] during step: <<User2>> :: Verify that Auth page displayed
Message: Page.wait_for_timeout: Target page, context or browser has been closed
INFO     [ğŸ“˜TEST_INFO]:reporting.py:98 ------------------------------------------------------------
INFO     [ğŸ”§TEST CONFIG]:conftest.py:356 Closed browser
INFO     [ğŸ”§TEST CONFIG]:conftest.py:362 Stopped Playwright
INFO     [ğŸ”§TEST CONFIG]:conftest.py:367 Browser cleanup finished